Microsoft (R) Macro Assembler Version 6.11		    01/17/00 20:03:29
Hello World Program         (hello.asm)			     Page 1 - 1



				title Hello World Program         (hello.asm)

				; This program displays "Hello, world!"

				.model small
				.stack 100h
 0000				.data
 0000 48 65 6C 6C 6F 2C		message db "Hello, world!",0dh,0ah,'$'
       20 77 6F 72 6C 64
       21 0D 0A 24

 0000				.code
 0000				main proc
 0000  B8 ---- R		    mov  ax,@data
 0003  8E D8			    mov  ds,ax

 0005  B4 09			    mov  ah,9
 0007  BA 0000 R		    mov  dx,offset message
 000A  CD 21			    int  21h

 000C  B8 4C00			    mov  ax,4C00h
 000F  CD 21			    int  21h
 0011				main endp

				end main
Microsoft (R) Macro Assembler Version 6.11		    01/17/00 20:03:29
Hello World Program         (hello.asm)			     Symbols 2 - 1




Segments and Groups:

                N a m e                 Size     Length   Align   Combine Class

DGROUP . . . . . . . . . . . . .	GROUP
_DATA  . . . . . . . . . . . . .	16 Bit	 0010	  Word	  Public  'DATA'	
STACK  . . . . . . . . . . . . .	16 Bit	 0100	  Para	  Stack	  'STACK'	 
_TEXT  . . . . . . . . . . . . .	16 Bit	 0011	  Word	  Public  'CODE'	


Procedures,  parameters and locals:

                N a m e                 Type     Value    Attr

main . . . . . . . . . . . . . .	P Near	 0000	  _TEXT	Length= 0011 Private


Symbols:

                N a m e                 Type     Value    Attr

@CodeSize  . . . . . . . . . . .	Number	 0000h	 
@DataSize  . . . . . . . . . . .	Number	 0000h	 
@Interface . . . . . . . . . . .	Number	 0000h	 
@Model . . . . . . . . . . . . .	Number	 0002h	 
@code  . . . . . . . . . . . . .	Text   	 _TEXT
@data  . . . . . . . . . . . . .	Text   	 DGROUP
@fardata?  . . . . . . . . . . .	Text   	 FAR_BSS
@fardata . . . . . . . . . . . .	Text   	 FAR_DATA
@stack . . . . . . . . . . . . .	Text   	 DGROUP
message  . . . . . . . . . . . .	Byte	 0000	  _DATA	

	   0 Warnings
	   0 Errors
